../Inc/stm32_rtc.c:69:21:rtc_getTime	16	static
../Inc/stm32_rtc.c:106:21:rtc_setTime	16	static
../Inc/stm32_rtc.c:137:25:DS3231_I2C_readStream	24	static
../Inc/stm32_rtc.c:172:25:DS3231_I2C_writeStream	24	static
../Inc/stm32_rtc.c:213:25:DS3231_I2C_writePointer	16	static
../Inc/stm32_rtc.c:238:25:stm_i2c_send_data	16	static
../Inc/stm32_rtc.c:255:25:stm_i2c_send_addr	16	static
../Inc/stm32_rtc.c:285:6:stm_i2c_config	4	static
../Inc/stm32_rtc.c:322:6:stm_enable_clock	8	static
../Inc/stm32_rtc.c:333:13:stm_clock_config	4	static
../Inc/stm32_rtc.c:349:13:stm_peripheral_clock_unable	4	static
../Inc/stm32_rtc.c:360:20:clear_addr_reg	16	static
