../Inc/stm32_rtc.c:69:21:rtc_getTime	16	static
../Inc/stm32_rtc.c:105:21:rtc_setTime	16	static
../Inc/stm32_rtc.c:135:25:DS3231_I2C_readStream	24	static
../Inc/stm32_rtc.c:170:25:DS3231_I2C_writeStream	24	static
../Inc/stm32_rtc.c:211:25:DS3231_I2C_writePointer	16	static
../Inc/stm32_rtc.c:236:25:stm_i2c_send_data	16	static
../Inc/stm32_rtc.c:253:25:stm_i2c_send_addr	16	static
../Inc/stm32_rtc.c:283:6:stm_i2c_config	4	static
../Inc/stm32_rtc.c:320:6:stm_enable_clock	8	static
../Inc/stm32_rtc.c:331:13:stm_clock_config	4	static
../Inc/stm32_rtc.c:347:13:stm_peripheral_clock_unable	4	static
../Inc/stm32_rtc.c:358:20:clear_addr_reg	16	static
